            ---------------------------------------------------
            Krusader installation instructions for KDE Plasma 5
            ---------------------------------------------------


--- Note

Krusader-15.08 versions and higher are for KDE Plasma 5 only and will not work
anymore on KDE Plasma 4 or 3.


--- Krusader development download

Krusader is developed in KDE Extragear.
Download the latest available Krusader-15.xx sourcecode with git.

$ git clone http://anongit.kde.org/krusader.git
$ cd krusader


--- Supported Platforms

* All POSIX (Linux®/BSD/UNIX®-like OSes), Solaris™

At the moment, there are no KDE Plasma 5 ports for Windows or Mac® OS X, which
means these platforms are not supported.



========================================
Installation on Linux® and BSD platforms
========================================


--- Krusader dependencies

The following packages are needed when running the Krusader binary. Below are the names
that KUbuntu uses. Other Linux distros will probably use similar names.

- plasma-runtime        Plasma Runtime components
- plasma-workspace      Plasma Workspace for KF5
- libc6                 GNU C Library: Shared libraries
- libgcc1               GCC support library
- libqt5dbus5           Qt 5 D-Bus module
- libqt5xml5            Qt 5 XML module
- libqt5core5           Qt 5 core module
- libqt5gui5            Qt 5 GUI module
- libgt5widgets5        Qt 5 widgets module
- libqt5printsupport5   Qt 5 print support module
- libstdc++6            The GNU Standard C++ Library v3 
- zlib1g                compression library - runtime 


--- Suggested packages

These packages are optional but they will make Krusader much more powerful and useful.
Below are the names that Debian/Ubuntu uses. Other Linux distros will probably use
similar names.

- arj                   archiver for .arj files
- ark                   archive utility for KDE
- bzip2                 high-quality block-sorting file compressor - utilities
- cpio                  GNU cpio -- a program to manage archives of files

- kate                  Powerful Text Editor
- kmail                 KDE Email client

- kdiff3                compares and merges 2 or 3 files or directories
                        (at moment of writing: no version available)
or kompare              file difference viewer
or xxdiff               a graphical file and directories comparison and merge tool

- konsole               X terminal emulator
- krename               Powerful batch renamer for KDE
                        (at moment of writing: still based on KDE4)
- lhasa                 lzh archiver

- md5deep               enhanced message digest calculator
or cfv                  versatile file checksum creator and verifier

- p7zip                 7zr file archiver with high compression ratio
- rpm                   Red Hat package manager
- unace                 extract, test and view .ace archives

- unrar                 Unarchiver for .rar files (non-free version)
or unrar-free           Unarchiver for .rar files
or rar                  Archiver for .rar files

- unzip                 De-archiver for .zip files
- zip                   Archiver for .zip files


--- Compilation requirements

The following packages are needed for compiling the Krusader source code. If you only
run the Krusader binary, you don't need to install these packages.

- build-essential        a group of packages needed to compile source code
- cmake                  a cross-platform, open-source make system
- extra-cmake-modules    extra cmake modules for compiling KDE Frameworks
- qt5-default            development files for the Qt5 libraries
- plasma-framework-dev   development files for plasma-framework

The following packages should install (through dependencies) all the packages
you need to compile a KDE 5 software package:

- libkf5parts-dev       
- libkf5wallet-dev
- libkf5xmlgui-dev
- kdoctools-dev


--- CMake options and execution

-DCMAKE_INSTALL_PREFIX=/usr
  is the location where Krusader will be installed with the make command.
  Another example is: -DCMAKE_INSTALL_PRFIX=/opt/krusader
  to install the compiled Krusader in an other directory to not overwrite
  the Krusader version installed by your package manager.

-DCMAKE_CXX_FLAGS="-O2 -fPIC"
  this flag is required if you have a 64 bit system

-DQT_PLUGIN_INSTALL_DIR=
  many system force this path to keep kde4 plugins separated from the kde5 ones

-DENABLE_SYNCHRONIZER=OFF
  disables building the Synchronizer module. This module caused data loss, now
  it is fixed, but we treat it as the thin ice.

$ tar xvf krusader-xx.xx.tar.gz
$ cd krusader-xx.xx
$ mkdir build
$ cd build
$ cmake -DCMAKE_INSTALL_PREFIX=/usr ..


--- Compilation and installation

Compilation will take about 5 to 10 minutes depending on your CPU speed.

$ make
$ su -c "make install"
or 
$ sudo make install


--- Uninstall

$ su -c "make uninstall"
or
$ sudo make uninstall



Here is the output of cmake on Kubuntu 15.04:

ubuntu@ubuntu-VirtualBox:~/src/krusader/build$ cmake -DCMAKE_INSTALL_PREFIX=/usr ..
-- The C compiler identification is GNU 4.9.2
-- The CXX compiler identification is GNU 4.9.2
-- Check for working C compiler: /usr/bin/cc
-- Check for working C compiler: /usr/bin/cc -- works
-- Detecting C compiler ABI info
-- Detecting C compiler ABI info - done
-- Check for working CXX compiler: /usr/bin/c++
-- Check for working CXX compiler: /usr/bin/c++ -- works
-- Detecting CXX compiler ABI info
-- Detecting CXX compiler ABI info - done
-- Looking for __GLIBC__
-- Looking for __GLIBC__ - found
-- Performing Test _OFFT_IS_64BIT
-- Performing Test _OFFT_IS_64BIT - Success
-- Found KF5Archive: /usr/lib/x86_64-linux-gnu/cmake/KF5Archive/KF5ArchiveConfig.cmake (found version "5.9.0")
-- Found KF5Bookmarks: /usr/lib/x86_64-linux-gnu/cmake/KF5Bookmarks/KF5BookmarksConfig.cmake (found version "5.9.0")
-- Found KF5Codecs: /usr/lib/x86_64-linux-gnu/cmake/KF5Codecs/KF5CodecsConfig.cmake (found version "5.9.0")
-- Found KF5Completion: /usr/lib/x86_64-linux-gnu/cmake/KF5Completion/KF5CompletionConfig.cmake (found version "5.9.0")
-- Found KF5CoreAddons: /usr/lib/x86_64-linux-gnu/cmake/KF5CoreAddons/KF5CoreAddonsConfig.cmake (found version "5.9.0")
-- Found KF5Config: /usr/lib/x86_64-linux-gnu/cmake/KF5Config/KF5ConfigConfig.cmake (found version "5.9.0")
-- Found KF5DocTools: /usr/lib/x86_64-linux-gnu/cmake/KF5DocTools/KF5DocToolsConfig.cmake (found version "5.9.0")
-- Found Gettext: /usr/bin/msgmerge (found version "0.19.2")
-- Found PythonInterp: /usr/bin/python (found version "2.7.9")
-- Found KF5I18n: /usr/lib/x86_64-linux-gnu/cmake/KF5I18n/KF5I18nConfig.cmake (found version "5.9.0")
-- Found KF5IconThemes: /usr/lib/x86_64-linux-gnu/cmake/KF5IconThemes/KF5IconThemesConfig.cmake (found version "5.9.0")
-- Found KF5ItemViews: /usr/lib/x86_64-linux-gnu/cmake/KF5ItemViews/KF5ItemViewsConfig.cmake (found version "5.9.0")
-- Found KF5KIO: /usr/lib/x86_64-linux-gnu/cmake/KF5KIO/KF5KIOConfig.cmake (found version "5.9.0")
-- Found KF5Notifications: /usr/lib/x86_64-linux-gnu/cmake/KF5Notifications/KF5NotificationsConfig.cmake (found version "5.9.0")
-- Found KF5Parts: /usr/lib/x86_64-linux-gnu/cmake/KF5Parts/KF5PartsConfig.cmake (found version "5.9.0")
-- Found KF5Solid: /usr/lib/x86_64-linux-gnu/cmake/KF5Solid/KF5SolidConfig.cmake (found version "5.9.0")
-- Found KF5TextWidgets: /usr/lib/x86_64-linux-gnu/cmake/KF5TextWidgets/KF5TextWidgetsConfig.cmake (found version "5.9.0")
-- Found KF5Wallet: /usr/lib/x86_64-linux-gnu/cmake/KF5Wallet/KF5WalletConfig.cmake (found version "5.9.0")
-- Found KF5WidgetsAddons: /usr/lib/x86_64-linux-gnu/cmake/KF5WidgetsAddons/KF5WidgetsAddonsConfig.cmake (found version "5.9.0")
-- Found KF5WindowSystem: /usr/lib/x86_64-linux-gnu/cmake/KF5WindowSystem/KF5WindowSystemConfig.cmake (found version "5.9.0")
-- Found KF5XmlGui: /usr/lib/x86_64-linux-gnu/cmake/KF5XmlGui/KF5XmlGuiConfig.cmake (found version "5.9.0")
-- Found KF5: success (found version "5.9.0") found components:  Archive Bookmarks Codecs Completion CoreAddons Config DocTools I18n IconThemes ItemViews KIO Notifications Parts Solid TextWidgets Wallet WidgetsAddons WindowSystem XmlGui
-- Looking for include file attr/libattr.h
-- Looking for include file attr/libattr.h - found
-- Looking for include file sys/xattr.h
-- Looking for include file sys/xattr.h - found
-- Looking for include file sys/acl.h
-- Looking for include file sys/acl.h - found
-- Looking for include file acl/libacl.h
-- Looking for include file acl/libacl.h - found
-- Found ACL support: /usr/lib/libacl.so;/lib/x86_64-linux-gnu/libattr.so
-- libkonq library not found
-- /home/ubuntu/src/krusader/krusader: skipped subdir $(KRJSDIR)
-- Found ZLIB: /usr/lib/x86_64-linux-gnu/libz.so (found version "1.2.8")
--
-- The following REQUIRED packages have been found:

 * ECM (required version >= 1.1.0)
 * Qt5Core
 * Qt5Gui
 * Qt5DBus
 * Qt5Widgets
 * Qt5PrintSupport
 * Qt5Xml
 * Qt5
 * KF5Archive
 * KF5Bookmarks
 * KF5Codecs
 * KF5Completion
 * KF5CoreAddons
 * KF5Config
 * KF5DocTools
 * Gettext
 * PythonInterp
 * KF5I18n
 * KF5IconThemes
 * KF5ItemViews
 * KF5KIO
 * KF5Notifications
 * KF5Parts
 * KF5Solid
 * KF5TextWidgets
 * KF5Wallet
 * KF5WidgetsAddons
 * KF5WindowSystem
 * KF5XmlGui
 * KF5

-- Configuring done
-- Generating done
-- Build files have been written to: /home/ubuntu/src/krusader/build



FYI - The (partial) output of make on Kubuntu 15.04

ubuntu@ubuntu-VirtualBox:~/src/krusader/build$ make
[  1%] Automatic moc for target krusader
Generating moc_actionsbase.cpp
Generating moc_kractions.cpp
Generating moc_krslots.cpp
Generating moc_krtrashhandler.cpp
Generating moc_krusader.cpp
Generating moc_krusaderview.cpp
Generating moc_panelmanager.cpp
Generating moc_paneltabbar.cpp
Generating moc_tabactions.cpp
[  1%] Built target krusader_automoc
[  1%] Automatic moc for target ActionMan
Generating moc_actionman.cpp
Generating moc_actionproperty.cpp
Generating moc_addplaceholderpopup.cpp
Generating moc_useractionlistview.cpp
Generating moc_useractionpage.cpp
[  1%] Built target ActionMan_automoc
[  1%] Generating ui_actionproperty.h
Scanning dependencies of target ActionMan
[  1%] Building CXX object krusader/ActionMan/CMakeFiles/ActionMan.dir/actionman.cpp.o
[  2%] Building CXX object krusader/ActionMan/CMakeFiles/ActionMan.dir/actionproperty.cpp.o
...
...
...
[ 95%] Built target kio_krarc
Scanning dependencies of target kio_iso_automoc
[ 95%] Automatic moc for target kio_iso
[ 95%] Built target kio_iso_automoc
Scanning dependencies of target kio_iso
[ 96%] Building CXX object iso/CMakeFiles/kio_iso.dir/kisodirectory.cpp.o
[ 96%] Building CXX object iso/CMakeFiles/kio_iso.dir/kisofile.cpp.o
[ 97%] Building CXX object iso/CMakeFiles/kio_iso.dir/qfilehack.cpp.o
[ 97%] Building CXX object iso/CMakeFiles/kio_iso.dir/kiso.cpp.o
[ 98%] Building CXX object iso/CMakeFiles/kio_iso.dir/iso.cpp.o
[ 98%] Building C object iso/CMakeFiles/kio_iso.dir/libisofs/isofs.c.o
[ 99%] Building CXX object iso/CMakeFiles/kio_iso.dir/kio_iso_automoc.cpp.o
Linking CXX shared library libkio_iso.so
[ 99%] Built target kio_iso
Scanning dependencies of target doc-index-cache-bz2
[100%] Generating index.cache.bz2
[100%] Built target doc-index-cache-bz2
Scanning dependencies of target doc-krusader-1
[100%] Generating krusader.1
Note: Writing krusader.1
[100%] Built target doc-krusader-1


--- To set a different language for Krusader

There is a list of available language codes in the [10n.kde.org Krusader page](http://l10n.kde.org/stats/gui/trunk-kf5/po/krusader.po/). In that list anyone can see which is his desired language code (e.g. for a German user normally his language code is: de), and consequently the XX that appears in the following commands must be replaced with his desired language code:

    wget http://websvn.kde.org/*checkout*/trunk/l10n-kf5/XX/messages/extragear-utils/krusader.po
    msgfmt krusader.po -o krusader.mo

    # At the beginning of the following command: "sudo" must be added if Kubuntu, Ubuntu, Debian, or similar is being used
    su -c "cp -a krusader.mo /usr/share/locale/XX/LC_MESSAGES/"

